
> crentify@0.0.0 build
> vite build

[36mvite v6.4.1 [32mbuilding for production...[36m[39m
transforming...
[32mÔ£ô[39m 2394 modules transformed.
rendering chunks...
computing gzip size...
[2mdist/[22m[32mindex.html                 [39m[1m[2m    2.27 kB[22m[1m[22m[2m Ôöé gzip:   1.02 kB[22m
[2mdist/[22m[35massets/index-DqNwj63F.css  [39m[1m[2m    0.13 kB[22m[1m[22m[2m Ôöé gzip:   0.12 kB[22m
[2mdist/[22m[36massets/index-NxNWwXiB.js   [39m[1m[33m1,142.26 kB[39m[22m[2m Ôöé gzip: 302.43 kB[22m
node.exe : [33m
No linha:1 caractere:1
+ & "C:\Program Files\
nodejs/node.exe" 
"C:\Program 
Files\nodejs/node_mo 
...
+ ~~~~~~~~~~~~~~~~~~~~
~~~~~~~~~~~~~~~~~~~~~~
~~~~~~~~~~~~~~~~~~~~~~
~~~~~
    + CategoryInfo    
          : NotSpeci  
  fied: ([33m:Stri   
 ng) [], RemoteExc    
eption
    + FullyQualifiedE 
   rrorId : NativeCo  
  mmandError
 
(!) Some chunks are 
larger than 500 kB 
after minification. 
Consider:
- Using dynamic 
import() to 
code-split the 
application
- Use build.rollupOpti
ons.output.manualChunk
s to improve 
chunking: https://roll
upjs.org/configuration
-options/#output-manua
lchunks
- Adjust chunk size 
limit for this 
warning via build.chun
kSizeWarningLimit.[39
m
[32mÔ£ô built in 15.98s[39m
