components/ErrorBoundary.tsx(45,21): error TS2339: Property 'props' does not exist on type 'ErrorBoundary'.
services/supabaseClient.ts(3,33): error TS2339: Property 'env' does not exist on type 'ImportMeta'.
services/supabaseClient.ts(4,37): error TS2339: Property 'env' does not exist on type 'ImportMeta'.
